// Vitest Snapshot v1

exports[`exports > should export the correct files 1`] = `
{
  "asyncEvery": [Function],
  "asyncSome": [Function],
  "isEnumValue": [Function],
  "isInArray": [Function],
  "isOfType": [Function],
  "toArray": [Function],
}
`;
